// Jest Snapshot v1, https://goo.gl/fbAQLP

exports[`Test App Entry point should have an App! text 1`] = `
.c0 {
  text-align: center;
}

<App>
  <Memo(l) />
  <DelightfulComponent
    text="App!"
  >
    <styled.div>
      <div
        className="c0"
      >
        App!
      </div>
    </styled.div>
  </DelightfulComponent>
</App>
`;
